// Jest Snapshot v1, https://goo.gl/fbAQLP

exports[`Deck List renders without crashing 1`] = `
<View
  style={
    Object {
      "backgroundColor": "#fff",
      "flex": 1,
    }
  }
>
  <ExponentAppLoading />
</View>
`;
