// Jest Snapshot v1, https://goo.gl/fbAQLP

exports[`New deck renders without crashing 1`] = `
<View
  style={
    Object {
      "backgroundColor": "#fff",
      "flex": 1,
      "padding": 20,
    }
  }
>
  <Text
    accessible={true}
    allowFontScaling={true}
    ellipsizeMode="tail"
    style={
      Object {
        "alignItems": "center",
        "alignSelf": "center",
        "fontSize": 40,
        "justifyContent": "center",
        "textAlign": "center",
      }
    }
  >
    What is the title of your new deck?
  </Text>
  <View>
    <View
      onResponderRelease={[Function]}
      onStartShouldSetResponder={[Function]}
      pointerEvents="auto"
      style={undefined}
    >
      <View
        collapsable={undefined}
        style={
          Object {
            "backgroundColor": "transparent",
            "borderBottomColor": "rgba(0, 0, 0, 0.38)",
            "borderBottomWidth": 0.5,
            "height": 64,
            "paddingBottom": 8,
            "paddingTop": 32,
          }
        }
      >
        <View
          collapsable={undefined}
          style={
            Object {
              "position": "absolute",
              "top": 36,
            }
          }
        >
          <Text
            accessible={true}
            allowFontScaling={true}
            collapsable={undefined}
            ellipsizeMode="tail"
            numberOfLines={1}
            style={
              Object {
                "color": "rgba(0, 0, 0, 0.38)",
                "fontSize": 16,
              }
            }
          >
            Title
          </Text>
        </View>
        <View
          style={
            Object {
              "flexDirection": "row",
            }
          }
        >
          <TextInput
            allowFontScaling={true}
            autoCapitalize="sentences"
            disableFullscreenUI={true}
            editable={true}
            onBlur={[Function]}
            onChange={[Function]}
            onChangeText={[Function]}
            onContentSizeChange={[Function]}
            onFocus={[Function]}
            selectionColor="rgb(0, 145, 234)"
            style={
              Array [
                Object {
                  "flex": 1,
                  "margin": 0,
                  "padding": 0,
                  "top": 2,
                },
                Object {
                  "color": "rgba(0, 0, 0, .87)",
                  "fontSize": 16,
                  "height": 24,
                  "textAlign": "left",
                },
                undefined,
              ]
            }
            underlineColorAndroid="transparent"
            value=""
          />
        </View>
      </View>
      <View
        collapsable={undefined}
        style={
          Object {
            "flexDirection": "row",
            "height": 8,
          }
        }
      >
        <View
          style={
            Object {
              "flex": 1,
            }
          }
        >
          <View
            style={
              Object {
                "alignItems": "flex-start",
                "bottom": 0,
                "left": 0,
                "paddingVertical": 4,
                "position": "absolute",
                "right": 0,
                "top": 0,
              }
            }
          >
            <Text
              accessible={true}
              allowFontScaling={true}
              collapsable={undefined}
              ellipsizeMode="tail"
              numberOfLines={1}
              style={
                Object {
                  "backgroundColor": "transparent",
                  "color": "rgb(213, 0, 0)",
                  "fontSize": 0,
                  "opacity": 0,
                }
              }
            />
          </View>
          <View
            style={
              Object {
                "alignItems": "flex-start",
                "bottom": 0,
                "left": 0,
                "paddingVertical": 4,
                "position": "absolute",
                "right": 0,
                "top": 0,
              }
            }
          >
            <Text
              accessible={true}
              allowFontScaling={true}
              collapsable={undefined}
              ellipsizeMode="tail"
              numberOfLines={1}
              style={
                Object {
                  "backgroundColor": "transparent",
                  "color": "rgba(0, 0, 0, .38)",
                  "fontSize": 12,
                  "opacity": 1,
                }
              }
            />
          </View>
        </View>
      </View>
    </View>
  </View>
  <View
    accessibilityComponentType={undefined}
    accessibilityLabel={undefined}
    accessibilityTraits={undefined}
    accessible={true}
    collapsable={undefined}
    hasTVPreferredFocus={undefined}
    hitSlop={undefined}
    isTVSelectable={true}
    nativeID={undefined}
    onLayout={undefined}
    onResponderGrant={[Function]}
    onResponderMove={[Function]}
    onResponderRelease={[Function]}
    onResponderTerminate={[Function]}
    onResponderTerminationRequest={[Function]}
    onStartShouldSetResponder={[Function]}
    style={
      Object {
        "backgroundColor": "#000000",
        "borderRadius": 7,
        "height": 45,
        "marginLeft": 40,
        "marginRight": 40,
        "opacity": 1,
        "padding": 10,
      }
    }
    testID={undefined}
    tvParallaxProperties={undefined}
  >
    <Text
      accessible={true}
      allowFontScaling={true}
      ellipsizeMode="tail"
      style={
        Object {
          "color": "#fff",
          "fontSize": 22,
          "textAlign": "center",
        }
      }
    >
      Submit
    </Text>
  </View>
</View>
`;
